#
# There is insufficient memory for the Java Runtime Environment to continue.
# Native memory allocation (mmap) failed to map 536870912 bytes. Error detail: G1 virtual space
# Possible reasons:
#   The system is out of physical RAM or swap space
#   This process is running with CompressedOops enabled, and the Java Heap may be blocking the growth of the native heap
# Possible solutions:
#   Reduce memory load on the system
#   Increase physical memory or swap space
#   Check if swap backing store is full
#   Decrease Java heap size (-Xmx/-Xms)
#   Decrease number of Java threads
#   Decrease Java thread stack sizes (-Xss)
#   Set larger code cache with -XX:ReservedCodeCacheSize=
#   JVM is running with Zero Based Compressed Oops mode in which the Java heap is
#     placed in the first 32GB address space. The Java Heap base address is the
#     maximum limit for the native heap growth. Please use -XX:HeapBaseMinAddress
#     to set the Java Heap base and to place the Java Heap above 32GB virtual address.
# This output file may be truncated or incomplete.
#
#  Out of Memory Error (os_windows.cpp:3554), pid=23808, tid=31920
#
# JRE version:  (25.0+37) (build )
# Java VM: Java HotSpot(TM) 64-Bit Server VM (25+37-LTS-3491, mixed mode, sharing, tiered, compressed oops, compressed class ptrs, g1 gc, windows-amd64)
# No core dump will be written. Minidumps are not enabled by default on client versions of Windows
#

---------------  S U M M A R Y ------------

Command Line: 

Host: Intel(R) CC150 CPU @ 3.50GHz, 16 cores, 31G,  Windows 11 , 64 bit Build 26100 (10.0.26100.7920)
Time: Sun Mar 29 17:45:51 2026 elapsed time: 1.236184 seconds (0d 0h 0m 1s)

---------------  T H R E A D  ---------------

Current thread (0x00000244868d4870):  JavaThread "Unknown thread" [_thread_in_vm, id=31920, stack(0x0000005a27700000,0x0000005a27800000) (1024K)]

Stack: [0x0000005a27700000,0x0000005a27800000]
Native frames: (J=compiled Java code, j=interpreted, Vv=VM code, C=native code)
V  [jvm.dll+0x7a6a39]  (no source info available)
V  [jvm.dll+0x7727ed]  (no source info available)
V  [jvm.dll+0x965f33]  (no source info available)
V  [jvm.dll+0x968531]  (no source info available)
V  [jvm.dll+0x968c33]  (no source info available)
V  [jvm.dll+0x2fc756]  (no source info available)
V  [jvm.dll+0x7a2c65]  (no source info available)
V  [jvm.dll+0x796077]  (no source info available)
V  [jvm.dll+0x3f4698]  (no source info available)
V  [jvm.dll+0x3fc5b6]  (no source info available)
V  [jvm.dll+0x3e8c8e]  (no source info available)
V  [jvm.dll+0x3e8f48]  (no source info available)
V  [jvm.dll+0x3c0045]  (no source info available)
V  [jvm.dll+0x3c0cce]  (no source info available)
V  [jvm.dll+0x92c647]  (no source info available)
V  [jvm.dll+0x458b62]  (no source info available)
V  [jvm.dll+0x90fff2]  (no source info available)
V  [jvm.dll+0x4f9001]  (no source info available)
V  [jvm.dll+0x4fa891]  (no source info available)
C  [jli.dll+0x543e]  (no source info available)
C  [ucrtbase.dll+0x37b0]  (no source info available)
C  [KERNEL32.DLL+0x2e8d7]  (no source info available)
C  [ntdll.dll+0x8c48c]  (no source info available)

Lock stack of current Java thread (top to bottom):


---------------  P R O C E S S  ---------------

Threads class SMR info:
_java_thread_list=0x00007fff41605308, length=0, elements={
}

Java Threads: ( => current thread )
Total: 0

Other Threads:
  0x00000244884723f0 WorkerThread "GC Thread#0"                     [id=22960, stack(0x0000005a27800000,0x0000005a27900000) (1024K)]
  0x00000244aad100e0 ConcurrentGCThread "G1 Main Marker"            [id=27108, stack(0x0000005a27900000,0x0000005a27a00000) (1024K)]
  0x000002448847bfd0 WorkerThread "G1 Conc#0"                       [id=27408, stack(0x0000005a27a00000,0x0000005a27b00000) (1024K)]

[error occurred during error reporting (printing all threads), id 0xc0000005, EXCEPTION_ACCESS_VIOLATION (0xc0000005) at pc=0x00007fff40ce4c2a]
VM state: not at safepoint (not fully initialized)

VM Mutex/Monitor currently owned by a thread:  ([mutex/lock_event])
[0x00007fff41689628] Heap_lock - owner thread: 0x00000244868d4870

Heap address: 0x0000000600c00000, size: 8180 MB, Compressed Oops mode: Zero based, Oop shift amount: 3

CDS archive(s) mapped at: [0x0000000000000000-0x0000000000000000-0x0000000000000000), size 0, SharedBaseAddress: 0x0000000800000000, ArchiveRelocationMode: 1.
UseCompressedClassPointers 1, UseCompactObjectHeaders 0
Narrow klass pointer bits 32, Max shift 3
Narrow klass base: 0xffffffffffffffff, Narrow klass shift: -1
Encoding Range: [0xffffffffffffffff - 0x000000007fffffff), (2147483648 bytes)
Klass Range:    [0x0000000000000000 - 0x0000000000000000), (0 bytes)
Klass ID Range:  [4294967295 - 0) (1)
No protection zone.

GC Precious Log:
 CardTable entry size: 512
 Card Set container configuration: InlinePtr #cards 4 size 8 Array Of Cards #cards 32 size 80 Howl #buckets 8 coarsen threshold 7372 Howl Bitmap #cards 1024 size 144 coarsen threshold 921 Card regions per heap region 1 cards per card region 8192

Heap:
 garbage-first heap   total reserved 8376320K, committed 0K, used 0K [0x0000000600c00000, 0x0000000800000000)
  region size 4096K, 0 young (0K), 0 survivors (0K)

Heap Regions: E=young(eden), S=young(survivor), O=old, HS=humongous(starts), HC=humongous(continues), CS=collection set, F=free, TAMS=top-at-mark-start, PB=parsable bottom

Card table byte_map: [0x00000244a1d30000,0x00000244a2d30000] _byte_map_base: 0x000002449ed2a000

Marking Bits: (CMBitMap*) 0x0000024488472b80
 Bits: [0x00000244a2d30000, 0x00000244aad00000)

GC Heap Usage History (0 events):
No events

Metaspace Usage History (0 events):
No events

Dll operation events (1 events):
Event: 0.011 Loaded shared library C:\Program Files\Java\jdk-25\bin\java.dll

Deoptimization events (0 events):
No events

Classes loaded (0 events):
No events

Classes unloaded (0 events):
No events

Classes redefined (0 events):
No events

Internal exceptions (0 events):
No events

VM Operations (0 events):
No events

Memory protections (0 events):
No events

Nmethod flushes (0 events):
No events

Events (0 events):
No events


Dynamic libraries:
0x00007ff60aaa0000 - 0x00007ff60aab0000 	C:\Program Files\Java\jdk-25\bin\java.exe
0x00007fffb82a0000 - 0x00007fffb8507000 	C:\Windows\SYSTEM32\ntdll.dll
0x00007fffb7940000 - 0x00007fffb7a09000 	C:\Windows\System32\KERNEL32.DLL
0x00007fffb5980000 - 0x00007fffb5d71000 	C:\Windows\System32\KERNELBASE.dll
0x00007fffb4c70000 - 0x00007fffb4dbb000 	C:\Windows\System32\ucrtbase.dll
0x00007fffb02a0000 - 0x00007fffb02be000 	C:\Program Files\Java\jdk-25\bin\VCRUNTIME140.dll
0x00007fffb0690000 - 0x00007fffb06a7000 	C:\Program Files\Java\jdk-25\bin\jli.dll
0x00007fffb67c0000 - 0x00007fffb6985000 	C:\Windows\System32\USER32.dll
0x00007fffb4c40000 - 0x00007fffb4c67000 	C:\Windows\System32\win32u.dll
0x00007fff94da0000 - 0x00007fff95033000 	C:\Windows\WinSxS\amd64_microsoft.windows.common-controls_6595b64144ccf1df_6.0.26100.8037_none_3e092faae333b53b\COMCTL32.dll
0x00007fffb66a0000 - 0x00007fffb6749000 	C:\Windows\System32\msvcrt.dll
0x00007fffb7810000 - 0x00007fffb783b000 	C:\Windows\System32\GDI32.dll
0x00007fffb4fe0000 - 0x00007fffb510b000 	C:\Windows\System32\gdi32full.dll
0x00007fffb5d80000 - 0x00007fffb5e23000 	C:\Windows\System32\msvcp_win.dll
0x00007fffb77b0000 - 0x00007fffb77e1000 	C:\Windows\System32\IMM32.DLL
0x00007fff993e0000 - 0x00007fff994d2000 	C:\Program Files\Windhawk\Engine\1.7.3\64\windhawk.dll
0x00007fffb6aa0000 - 0x00007fffb6b5b000 	C:\Windows\System32\ADVAPI32.dll
0x00007fffb6b60000 - 0x00007fffb6c07000 	C:\Windows\System32\sechost.dll
0x00007fffb80c0000 - 0x00007fffb81d8000 	C:\Windows\System32\RPCRT4.dll
0x00007fffb1d20000 - 0x00007fffb1d2c000 	C:\Program Files\Java\jdk-25\bin\vcruntime140_1.dll
0x00007fff83f50000 - 0x00007fff83fdd000 	C:\Program Files\Java\jdk-25\bin\msvcp140.dll
0x00007fff40910000 - 0x00007fff4176f000 	C:\Program Files\Java\jdk-25\bin\server\jvm.dll
0x00007fffb81e0000 - 0x00007fffb8254000 	C:\Windows\System32\WS2_32.dll
0x00007fffb49e0000 - 0x00007fffb4a3e000 	C:\Windows\SYSTEM32\POWRPROF.dll
0x00007fffae260000 - 0x00007fffae26b000 	C:\Windows\SYSTEM32\VERSION.dll
0x00007fffa72c0000 - 0x00007fffa72f5000 	C:\Windows\SYSTEM32\WINMM.dll
0x00007fffb49c0000 - 0x00007fffb49d4000 	C:\Windows\SYSTEM32\UMPDC.dll
0x00007fffb3910000 - 0x00007fffb392b000 	C:\Windows\SYSTEM32\kernel.appcore.dll
0x00007fffb0680000 - 0x00007fffb068a000 	C:\Program Files\Java\jdk-25\bin\jimage.dll
0x00007fff9ddb0000 - 0x00007fff9dff2000 	C:\Windows\SYSTEM32\DBGHELP.DLL
0x00007fffb6040000 - 0x00007fffb63c2000 	C:\Windows\System32\combase.dll
0x00007fffb65c0000 - 0x00007fffb6697000 	C:\Windows\System32\OLEAUT32.dll
0x00007fff90d10000 - 0x00007fff90d4b000 	C:\Windows\SYSTEM32\dbgcore.DLL
0x00007fffb4f30000 - 0x00007fffb4fd5000 	C:\Windows\System32\bcryptPrimitives.dll
0x00007fffb0280000 - 0x00007fffb029f000 	C:\Program Files\Java\jdk-25\bin\java.dll
0x00007fffb63e0000 - 0x00007fffb6575000 	C:\Windows\System32\ole32.dll
0x00007fffb6c10000 - 0x00007fffb736f000 	C:\Windows\System32\SHELL32.dll
0x00007fffb4dc0000 - 0x00007fffb4f2a000 	C:\Windows\System32\wintypes.dll

JVMTI agents: none

dbghelp: loaded successfully - version: 4.0.5 - missing functions: none
symbol engine: initialized successfully - sym options: 0x614 - pdb path: .;C:\Program Files\Java\jdk-25\bin;C:\Windows\SYSTEM32;C:\Windows\WinSxS\amd64_microsoft.windows.common-controls_6595b64144ccf1df_6.0.26100.8037_none_3e092faae333b53b;C:\Program Files\Windhawk\Engine\1.7.3\64;C:\Program Files\Java\jdk-25\bin\server

VM Arguments:
java_command: <unknown>
java_class_path (initial): <not set>
Launcher Type: SUN_STANDARD

[Global flags]
     intx CICompilerCount                          = 12                                        {product} {ergonomic}
     uint ConcGCThreads                            = 3                                         {product} {ergonomic}
     uint G1ConcRefinementThreads                  = 13                                        {product} {ergonomic}
   size_t G1HeapRegionSize                         = 4194304                                   {product} {ergonomic}
   size_t InitialHeapSize                          = 536870912                                 {product} {ergonomic}
   size_t MarkStackSize                            = 4194304                                   {product} {ergonomic}
   size_t MarkStackSizeMax                         = 536870912                                 {product} {ergonomic}
   size_t MaxHeapSize                              = 8577351680                                {product} {ergonomic}
   size_t MinHeapDeltaBytes                        = 4194304                                   {product} {ergonomic}
   size_t MinHeapSize                              = 8388608                                   {product} {ergonomic}
    uintx NonNMethodCodeHeapSize                   = 7602176                                {pd product} {ergonomic}
    uintx NonProfiledCodeHeapSize                  = 122093568                              {pd product} {ergonomic}
    uintx ProfiledCodeHeapSize                     = 121962496                              {pd product} {ergonomic}
    uintx ReservedCodeCacheSize                    = 251658240                              {pd product} {ergonomic}
     bool SegmentedCodeCache                       = true                                      {product} {ergonomic}
   size_t SoftMaxHeapSize                          = 8577351680                             {manageable} {ergonomic}
     bool UseCompressedOops                        = true                           {product lp64_product} {ergonomic}
     bool UseG1GC                                  = true                                      {product} {ergonomic}
     bool UseLargePagesIndividualAllocation        = false                                  {pd product} {ergonomic}

Logging:
Log output configuration:
 #0: stdout all=warning uptime,level,tags foldmultilines=false
 #1: stderr all=off uptime,level,tags foldmultilines=false

Release file:
<release file has not been read>
Environment Variables:
PATH=C:\Program Files\Common Files\Oracle\Java\javapath;C:\Windows\system32;C:\Windows;C:\Windows\System32\Wbem;C:\Windows\System32\WindowsPowerShell\v1.0\;C:\Windows\System32\OpenSSH\;C:\Program Files\dotnet\;C:\Program Files (x86)\dotnet\;C:\Program Files\NVIDIA Corporation\NVIDIA App\NvDLISR;C:\Program Files (x86)\NVIDIA Corporation\PhysX\Common;C:\Users\dedil\AppData\Local\Microsoft\WindowsApps;C:\Users\dedil\AppData\Local\Programs\Microsoft VS Code\bin
USERNAME=dedil
TERM=xterm
OS=Windows_NT
PROCESSOR_IDENTIFIER=Intel64 Family 6 Model 158 Stepping 12, GenuineIntel
TMP=C:\Users\dedil\AppData\Local\Temp
TEMP=C:\Users\dedil\AppData\Local\Temp




Compilation memory statistics disabled.

Periodic native trim disabled

---------------  S Y S T E M  ---------------

OS:
 Windows 11 , 64 bit Build 26100 (10.0.26100.7920)
OS uptime: 0 days 8:57 hours

CPU: total 16 (initial active 16) (8 cores per cpu, 2 threads per core) family 6 model 158 stepping 12 microcode 0xde, cx8, cmov, fxsr, ht, mmx, 3dnowpref, sse, sse2, sse3, ssse3, sse4.1, sse4.2, popcnt, lzcnt, tsc, tscinvbit, avx, avx2, aes, erms, clmul, bmi1, bmi2, rtm, adx, fma, vzeroupper, clflush, clflushopt, rdtscp, f16c
Processor Information for the first 16 processors :
  Max Mhz: 3504, Current Mhz: 3504, Mhz Limit: 3504

Memory: 4k page, system-wide physical 32707M (2202M free)
TotalPageFile size 131011M (AvailPageFile size 459M)
current process WorkingSet (physical memory assigned to process): 14M, peak: 14M
current process commit charge ("private bytes"): 72M, peak: 583M

vm_info: Java HotSpot(TM) 64-Bit Server VM (25+37-LTS-3491) for windows-amd64 JRE (25+37-LTS-3491), built on 2025-08-14T21:13:00Z with unknown MS VC++:1943

END.
